
> w_s10_challenge@0.0.1 test
> cross-env NODE_ENV=testing jest --watchAll --verbose --no-watch --verbose

node.exe : FAIL ./codegrade.test.js (23.668 s)
At line:1 char:1
+ & "C:\Program Files\nodejs/node.exe" "C:\Users\Macleata 
Kirkwood\AppD ...
+ ~~~~~~~~~~~~~~~~~~~~~~~~~~~~~~~~~~~~~~~~~~~~~~~~~~~~~~~~~~~~~~
~~~~~~~
    + CategoryInfo          : NotSpecified: (FAIL ./codegrade.t 
   est.js (23.668 s):String) [], RemoteException
    + FullyQualifiedErrorId : NativeCommandError
 
  Pizza App
    ΓêÜ [1] Existing "Sigourney Weaver" order from the server 
renders correctly (956 ms)
    ΓêÜ [2] Correct history item renders on order with no 
toppings (960 ms)
    ├ù [3] Correct history item renders on order with some 
toppings (1638 ms)
    ΓêÜ [4] Validation message ("fullName is required") renders 
if order lacks fullName (768 ms)
    ΓêÜ [5] Validation message ("size must be etc") renders if 
order lacks size (576 ms)
    ΓêÜ [6] Size filter buttons ("All", "S", "M", "L") work 
correctly (4429 ms)
    ├ù [7] Message "Order in progress" renders during order 
creation (829 ms)

  ΓùÅ Pizza App ΓÇ║ [3] Correct history item renders on order 
with some toppings

    thrown: "Exceeded timeout of 1500 ms for a test.
    Add a timeout value to this test to increase the timeout, 
if this is a long-running test. See 
https://jestjs.io/docs/api#testname-fn-timeout."

      52 |     await waitFor(() => screen.getByText('Meryl 
Streep ordered a size L with no toppings', queryOptions), 
waitForOptions)
      53 |   })
    > 54 |   test('[3] Correct history item renders on order 
with some toppings', async () => {
         |   ^
      55 |     await user.type(fullName, 'James Dean')
      56 |     await user.selectOptions(size, 'Medium')
      57 |     await user.click(pepperoni) // check

      at test (codegrade.test.js:54:3)
      at Object.describe (codegrade.test.js:25:1)

  ΓùÅ Pizza App ΓÇ║ [7] Message "Order in progress" renders 
during order creation

    The element(s) given to waitForElementToBeRemoved are 
already removed. waitForElementToBeRemoved requires that the 
element(s) exist(s) before waiting for removal.

      126 |     await user.click(submit)
      127 |     await waitFor(() => screen.getByText('Order in 
progress', queryOptions), waitForOptions)
    > 128 |     await waitForElementToBeRemoved(() => 
screen.queryByText('Order in progress', queryOptions))
          |                                    ^
      129 |   })
      130 | })
      131 |

      at initialCheck (node_modules/@testing-library/dom/dist/wa
it-for-element-to-be-removed.js:14:11)
      at waitForElementToBeRemoved (node_modules/@testing-librar
y/dom/dist/wait-for-element-to-be-removed.js:31:3)
      at _callee8$ (codegrade.test.js:128:36)
      at call (codegrade.test.js:2:1)
      at Generator.tryCatch (codegrade.test.js:2:1)
      at Generator._invoke [as next] (codegrade.test.js:2:1)
      at asyncGeneratorStep (codegrade.test.js:2:1)
      at asyncGeneratorStep (codegrade.test.js:2:1)

Test Suites: 1 failed, 1 total
Tests:       2 failed, 5 passed, 7 total
Snapshots:   0 total
Time:        40.695 s
Ran all test suites.

